PHPUnit 12.5.15 by Sebastian Bergmann and contributors.

Test file "d:\Projects\addiction_recovery\Modules\Auth\Tests\Feature\RegisterTest.php" not found
